// Jest Snapshot v1, https://goo.gl/fbAQLP

exports[`Header should render properly 1`] = `"<header class=\\"container\\"><div class=\\"row pt-4\\"><div class=\\"col-6\\"><img height=\\"55\\" src=\\"\\" alt=\\"Noirdoor Coding Challenge\\"></div><div class=\\"col-6\\"><a id=\\"app_logout\\" class=\\"btn btn-primary float-right\\" href=\\"#logout\\"><span>logout </span><i class=\\"i-sign-out\\"></i></a></div></div></header>"`;
