// Jest Snapshot v1, https://goo.gl/fbAQLP

exports[`Home should render properly 1`] = `"<div class=\\"h-100 w-100\\"><div class=\\"row justify-content-center align-items-center vertical-align-content\\"><div class=\\"app__home__header\\"><img height=\\"55\\" src=\\"\\" alt=\\"Noirdoor Coding Challenge\\"></div><h1 class=\\"mb-5\\">Noirdoor Coding Challenge</h1><a href=\\"#login\\" class=\\"btn btn-lg btn-primary btn-icon\\"><i class=\\"i-sign-in\\"></i><span>Start</span></a></div></div>"`;
